// Jest Snapshot v1, https://goo.gl/fbAQLP

exports[`should render Header 1`] = `
<Menu
  color="grey"
  fixed="top"
  inverted={true}
  size="large"
>
  <MenuItem
    active={true}
    as={[Function]}
    key="dashboard"
    name="dashboard"
    onClick={[Function]}
    to="/dashboard"
  />
  <MenuItem
    active={false}
    as={[Function]}
    key="create"
    name="create expense"
    onClick={[Function]}
    to="/create"
  />
  <MenuItem
    name="logout"
  />
  <MenuItem
    position="right"
  >
    <Icon
      as="i"
      name="calendar"
    />
    Add Expense
  </MenuItem>
</Menu>
`;
